[
  {
    "id": 5881791,
    "name": "Montreal",
    "altName": "Abbotsford,YXX,Абботсфорд",
    "country": "CA",
    "stateOrProvince": "02",
    "longitude": -122.25257,
    "latitude": 49.05798,
    "population": 151683,
    "score": 0.66667
  },
  {
    "id": 5882799,
    "name": "test",
    "altName": "Erdri,ai er de li,Montreal,ayrdry,eeodeuli,Ердри,إيردراي,ائرڈرائ,ایردری,艾尔德里,에어드리",
    "country": "CA",
    "stateOrProvince": "01",
    "longitude": -114.03528,
    "latitude": 51.30011,
    "population": 24673,
    "score": 0.47791
  },
  {
    "id": 5882873,
    "name": "Ajax",
    "altName": "Adzhaks,Ehjdzhaks,Ejdzakmonts,ajaks, awntaryw,eijegseu,Аджакс,Ејџакс,Эйджакс,أجاكس، أونتاريو,에이젝스",
    "country": "CA",
    "stateOrProvince": "08",
    "longitude": -79.03288,
    "latitude": 43.85012,
    "population": 90167,
    "score": 0.38056
  },
  {
    "id": 5882142,
    "name": "Amont-rose Vale",
    "altName": "",
    "country": "CA",
    "stateOrProvince": "10",
    "longitude": -72.56582,
    "latitude": 45.65007,
    "population": 5135,
    "score": 0.33333
  }
]